[2026-04-21T00:08:52.803Z] [SUCCESS] SECURE LINK ESTABLISHED: Connected to FanVault Database!
[2026-04-21T00:08:52.810Z] [SYSTEM] FanVault API is actively listening on port 3000
[2026-04-21T00:14:26.716Z] [INFO] Incoming Request: POST /api/register
[2026-04-21T00:14:26.781Z] [SUCCESS] New user registered: usertest
[2026-04-21T00:14:37.291Z] [INFO] Incoming Request: POST /api/login
[2026-04-21T00:14:37.331Z] [SUCCESS] Successful login for: usertest
[2026-04-21T00:31:04.290Z] [INFO] Incoming Request: POST /api/login
[2026-04-21T00:31:04.324Z] [SUCCESS] Successful login for: test
[2026-04-21T00:31:13.892Z] [INFO] Incoming Request: POST /api/login
[2026-04-21T00:31:13.924Z] [SUCCESS] Successful login for: test
[2026-04-21T00:37:51.736Z] [SUCCESS] SECURE LINK ESTABLISHED: Connected to FanVault Database!
[2026-04-21T00:37:51.742Z] [SYSTEM] FanVault API is actively listening on port 3000
[2026-04-21T00:38:04.721Z] [INFO] Incoming Request: POST /api/login
[2026-04-21T00:56:02.025Z] [INFO] Incoming Request: POST /api/login
[2026-04-21T00:56:02.076Z] [SUCCESS] Successful login for: test
[2026-04-21T01:00:00.862Z] [INFO] Incoming Request: POST /api/register
[2026-04-21T01:00:00.908Z] [SUCCESS] New user registered: test1
[2026-04-21T01:00:09.024Z] [INFO] Incoming Request: POST /api/login
[2026-04-21T01:00:09.056Z] [SUCCESS] Successful login for: test1
[2026-04-21T01:00:38.833Z] [INFO] Incoming Request: POST /api/login
[2026-04-21T01:00:39.989Z] [INFO] Incoming Request: POST /api/login
[2026-05-10T00:38:05.846Z] [SUCCESS] SECURE LINK ESTABLISHED: Connected to FanVault Database!
[2026-05-10T00:38:05.903Z] [SYSTEM] Seeded dummy artists into database.
[2026-05-10T00:38:05.933Z] [SYSTEM] FanVault API is actively listening on port 3000
[2026-05-10T00:42:22.986Z] [INFO] Incoming Request: POST /api/login
[2026-05-10T00:42:23.062Z] [SUCCESS] Successful login for: test
[2026-05-10T00:42:30.561Z] [INFO] Incoming Request: GET /api/search?q=the%20weekend
[2026-05-10T00:42:30.566Z] [INFO] Search executed for: "the weekend". Found 0 results.
[2026-05-10T00:42:32.505Z] [INFO] Incoming Request: GET /api/search?q=the%20weekend
[2026-05-10T00:42:32.509Z] [INFO] Search executed for: "the weekend". Found 0 results.
[2026-05-10T00:42:39.765Z] [INFO] Incoming Request: GET /api/search?q=Weeknd
[2026-05-10T00:42:39.771Z] [INFO] Search executed for: "Weeknd". Found 1 results.
[2026-05-10T00:42:51.411Z] [INFO] Incoming Request: GET /api/search?q=Tay
[2026-05-10T00:42:51.416Z] [INFO] Search executed for: "Tay". Found 1 results.
[2026-05-10T00:42:56.120Z] [INFO] Incoming Request: GET /api/search?q=Tay
[2026-05-10T00:42:56.126Z] [INFO] Search executed for: "Tay". Found 1 results.
[2026-05-10T00:43:06.788Z] [INFO] Incoming Request: GET /api/search?q=the%20kid%20laroi
[2026-05-10T00:43:06.793Z] [INFO] Search executed for: "the kid laroi". Found 0 results.
[2026-05-10T00:43:08.093Z] [INFO] Incoming Request: GET /api/search?q=the%20kid%20laroi
[2026-05-10T00:43:08.098Z] [INFO] Search executed for: "the kid laroi". Found 0 results.
[2026-05-10T00:43:28.146Z] [INFO] Incoming Request: GET /api/search?q=taylor
[2026-05-10T00:43:28.151Z] [INFO] Search executed for: "taylor". Found 1 results.
[2026-05-10T00:43:29.738Z] [INFO] Incoming Request: GET /api/search?q=taylor
[2026-05-10T00:43:29.743Z] [INFO] Search executed for: "taylor". Found 1 results.
[2026-05-10T00:43:30.266Z] [INFO] Incoming Request: GET /api/search?q=taylor
[2026-05-10T00:43:30.271Z] [INFO] Search executed for: "taylor". Found 1 results.
[2026-05-10T00:43:33.919Z] [INFO] Incoming Request: GET /api/search?q=weeknd
[2026-05-10T00:43:33.925Z] [INFO] Search executed for: "weeknd". Found 1 results.
[2026-05-10T00:43:36.804Z] [INFO] Incoming Request: GET /api/search?q=weeknd
[2026-05-10T00:43:36.809Z] [INFO] Search executed for: "weeknd". Found 1 results.
[2026-05-10T00:56:21.536Z] [SUCCESS] SECURE LINK ESTABLISHED: Connected to FanVault Database!
[2026-05-10T00:56:21.576Z] [SYSTEM] FanVault API is actively listening on port 3000
[2026-05-10T00:56:25.258Z] [INFO] Incoming Request: GET /api/merch
[2026-05-10T00:56:33.960Z] [INFO] Incoming Request: GET /api/search?q=tay
[2026-05-10T00:56:33.977Z] [INFO] Search executed for: "tay". Found 1 results.
[2026-05-10T00:56:35.300Z] [INFO] Incoming Request: GET /api/search?q=tay
[2026-05-10T00:56:35.309Z] [INFO] Search executed for: "tay". Found 1 results.
[2026-05-10T00:58:07.374Z] [INFO] Incoming Request: GET /api/merch
[2026-05-10T00:58:18.003Z] [INFO] Incoming Request: GET /api/merch
[2026-05-10T00:58:22.809Z] [INFO] Incoming Request: GET /api/search?q=tay
[2026-05-10T00:58:22.815Z] [INFO] Search executed for: "tay". Found 1 results.
[2026-05-10T00:58:24.160Z] [INFO] Incoming Request: GET /api/search?q=tay
[2026-05-10T00:58:24.165Z] [INFO] Search executed for: "tay". Found 1 results.
[2026-05-10T00:59:35.633Z] [INFO] Incoming Request: GET /api/merch
[2026-05-10T00:59:51.833Z] [INFO] Incoming Request: GET /api/merch
[2026-05-10T01:03:53.630Z] [SUCCESS] SECURE LINK ESTABLISHED: Connected to FanVault Database!
[2026-05-10T01:03:53.658Z] [SYSTEM] Seeded dummy merch into database.
[2026-05-10T01:03:53.663Z] [SYSTEM] FanVault API is actively listening on port 3000
[2026-05-10T01:03:58.342Z] [INFO] Incoming Request: GET /api/merch
[2026-05-10T01:04:04.086Z] [INFO] Incoming Request: GET /api/search?q=tay
[2026-05-10T01:36:07.197Z] [SUCCESS] SECURE LINK ESTABLISHED: Connected to FanVault Database!
[2026-05-10T01:36:07.213Z] [SYSTEM] Seeded 5 new merch items with images.
[2026-05-10T01:36:07.219Z] [SYSTEM] FanVault API is actively listening on port 3000
[2026-05-10T01:37:32.357Z] [INFO] Incoming Request: GET /api/merch
[2026-05-10T01:37:33.058Z] [INFO] Incoming Request: GET /api/merch
[2026-05-10T01:38:46.204Z] [INFO] Incoming Request: GET /api/search?q=tay
[2026-05-10T01:38:54.659Z] [INFO] Incoming Request: GET /api/merch
[2026-05-10T01:38:59.676Z] [INFO] Incoming Request: GET /api/search?q=weeknd
[2026-05-10T01:39:00.097Z] [INFO] Incoming Request: GET /api/search?q=weeknd
[2026-05-10T01:39:11.234Z] [INFO] Incoming Request: GET /api/merch
[2026-05-10T01:39:12.053Z] [INFO] Incoming Request: GET /api/merch
[2026-05-10T01:39:12.168Z] [INFO] Incoming Request: GET /api/merch
[2026-05-10T01:39:16.885Z] [INFO] Incoming Request: GET /api/search?q=weeknd
[2026-05-10T01:39:18.778Z] [INFO] Incoming Request: GET /api/search?q=weeknd
[2026-05-10T01:39:52.120Z] [INFO] Incoming Request: GET /api/merch
[2026-05-10T01:39:58.951Z] [INFO] Incoming Request: GET /api/merch
[2026-05-10T01:52:36.255Z] [SUCCESS] SECURE LINK ESTABLISHED: Connected to FanVault Database!
[2026-05-10T01:52:36.263Z] [SYSTEM] FanVault API is actively listening on port 3000
[2026-05-10T01:53:39.857Z] [SUCCESS] SECURE LINK ESTABLISHED: Connected to FanVault Database!
[2026-05-10T01:53:39.864Z] [SYSTEM] FanVault API is actively listening on port 3000
[2026-05-10T01:55:58.212Z] [SUCCESS] SECURE LINK ESTABLISHED: Connected to FanVault Database!
[2026-05-10T01:55:58.219Z] [SYSTEM] FanVault API is actively listening on port 3000
[2026-05-10T01:56:54.965Z] [INFO] Incoming Request: GET /api/merch
[2026-05-10T01:56:59.089Z] [INFO] Incoming Request: GET /api/tour?q=taylor
[2026-05-10T01:56:59.146Z] [INFO] Incoming Request: GET /api/search?q=taylor
[2026-05-10T01:56:59.600Z] [INFO] External API Call: Ticketmaster queried for "taylor". Found 5 events.
[2026-05-10T01:57:11.468Z] [INFO] Incoming Request: GET /api/tour?q=the%20kid%20laroi
[2026-05-10T01:57:11.472Z] [INFO] Incoming Request: GET /api/search?q=the%20kid%20laroi
[2026-05-10T01:57:11.848Z] [INFO] External API Call: Ticketmaster queried for "the kid laroi". Found 5 events.
[2026-05-10T01:57:13.265Z] [INFO] Incoming Request: GET /api/tour?q=the%20kid%20laroi
[2026-05-10T01:57:13.266Z] [INFO] Incoming Request: GET /api/search?q=the%20kid%20laroi
[2026-05-10T01:57:13.373Z] [INFO] External API Call: Ticketmaster queried for "the kid laroi". Found 5 events.
[2026-05-10T02:14:43.217Z] [SUCCESS] SECURE LINK ESTABLISHED: Connected to FanVault Database!
[2026-05-10T02:14:43.225Z] [SYSTEM] FanVault API is actively listening on port 3000
[2026-05-10T02:15:03.240Z] [INFO] Incoming Request: GET /api/merch
[2026-05-10T02:15:04.056Z] [INFO] Incoming Request: GET /api/merch
[2026-05-10T02:15:07.465Z] [INFO] Incoming Request: GET /api/tour?q=tay
[2026-05-10T02:15:07.521Z] [INFO] Incoming Request: GET /api/search?q=tay
[2026-05-10T02:15:07.680Z] [INFO] External API Call: Ticketmaster queried for "tay". Found 0 events.
[2026-05-10T02:15:09.673Z] [INFO] Incoming Request: GET /api/tour?q=taylor
[2026-05-10T02:15:09.676Z] [INFO] Incoming Request: GET /api/search?q=taylor
[2026-05-10T02:15:09.774Z] [INFO] External API Call: Ticketmaster queried for "taylor". Found 0 events.
[2026-05-10T02:15:11.090Z] [INFO] Incoming Request: GET /api/tour?q=taylor
[2026-05-10T02:15:11.091Z] [INFO] Incoming Request: GET /api/search?q=taylor
[2026-05-10T02:15:11.182Z] [INFO] External API Call: Ticketmaster queried for "taylor". Found 0 events.
[2026-05-10T02:15:20.529Z] [INFO] Incoming Request: GET /api/search?q=the%20kid%20laroi
[2026-05-10T02:15:20.532Z] [INFO] Incoming Request: GET /api/tour?q=the%20kid%20laroi
[2026-05-10T02:15:20.672Z] [INFO] External API Call: Ticketmaster queried for "the kid laroi". Found 0 events.
[2026-05-10T02:15:24.766Z] [INFO] Incoming Request: GET /api/tour?q=the%20kid%20laroi
[2026-05-10T02:15:24.767Z] [INFO] Incoming Request: GET /api/search?q=the%20kid%20laroi
[2026-05-10T02:15:24.853Z] [INFO] External API Call: Ticketmaster queried for "the kid laroi". Found 0 events.
[2026-05-10T02:16:34.607Z] [SUCCESS] SECURE LINK ESTABLISHED: Connected to FanVault Database!
[2026-05-10T02:16:34.613Z] [SYSTEM] FanVault API is actively listening on port 3000
[2026-05-10T02:16:39.066Z] [INFO] Incoming Request: GET /api/merch
[2026-05-10T02:16:43.965Z] [INFO] Incoming Request: GET /api/search?q=the%20kid%20laroi
[2026-05-10T02:16:43.969Z] [INFO] Incoming Request: GET /api/tour?q=the%20kid%20laroi
[2026-05-10T02:16:44.218Z] [INFO] External API Call: Ticketmaster queried for "the kid laroi". Found 5 events.
[2026-05-10T02:54:07.039Z] [SUCCESS] SECURE LINK ESTABLISHED: Connected to FanVault Database!
[2026-05-10T02:54:07.048Z] [SYSTEM] FanVault API is actively listening on port 3000
[2026-05-10T02:56:41.945Z] [INFO] Incoming Request: GET /api/merch
[2026-05-10T02:56:43.423Z] [INFO] Incoming Request: GET /api/merch
[2026-05-10T02:56:57.112Z] [INFO] Incoming Request: POST /api/register
[2026-05-10T02:56:58.818Z] [INFO] Incoming Request: POST /api/register
[2026-05-10T02:57:15.172Z] [INFO] Incoming Request: POST /api/register
[2026-05-10T02:57:15.264Z] [SUCCESS] User registered with MFA: JeremyAdmin
[2026-05-10T02:57:16.694Z] [INFO] Incoming Request: POST /api/register
[2026-05-10T02:57:43.323Z] [INFO] Incoming Request: POST /api/login
[2026-05-10T02:57:44.731Z] [INFO] Incoming Request: POST /api/login
[2026-05-10T02:57:50.323Z] [INFO] Incoming Request: POST /api/login
[2026-05-10T02:57:50.359Z] [SUCCESS] Full MFA Login successful for: JeremyAdmin
[2026-05-10T02:57:50.399Z] [INFO] Incoming Request: GET /api/merch
[2026-05-10T03:02:26.661Z] [SUCCESS] SECURE LINK ESTABLISHED: Connected to FanVault Database!
[2026-05-10T03:02:26.671Z] [SYSTEM] FanVault API is actively listening on port 3000
[2026-05-10T03:02:30.418Z] [INFO] Incoming Request: GET /api/merch
[2026-05-10T03:02:31.157Z] [INFO] Incoming Request: GET /api/merch
[2026-05-10T03:07:02.983Z] [INFO] Incoming Request: POST /api/login
[2026-05-10T03:07:04.360Z] [INFO] Incoming Request: POST /api/login
[2026-05-10T03:07:17.462Z] [INFO] Incoming Request: POST /api/login
[2026-05-10T03:07:17.503Z] [WARNING] Failed MFA attempt for: test
[2026-05-10T03:07:19.876Z] [INFO] Incoming Request: POST /api/login
[2026-05-10T03:07:19.914Z] [WARNING] Failed MFA attempt for: test
[2026-05-10T03:07:31.687Z] [INFO] Incoming Request: POST /api/login
[2026-05-10T03:07:43.282Z] [INFO] Incoming Request: POST /api/register
[2026-05-10T03:07:48.329Z] [INFO] Incoming Request: POST /api/register
[2026-05-10T03:08:28.881Z] [INFO] Incoming Request: POST /api/register
[2026-05-10T03:08:38.550Z] [INFO] Incoming Request: POST /api/login
[2026-05-10T03:10:09.197Z] [INFO] Incoming Request: POST /api/login
[2026-05-10T03:10:09.566Z] [INFO] Incoming Request: POST /api/login
[2026-05-10T03:10:09.691Z] [INFO] Incoming Request: POST /api/login
[2026-05-10T03:10:22.337Z] [INFO] Incoming Request: POST /api/register
[2026-05-10T03:10:23.723Z] [INFO] Incoming Request: POST /api/register
[2026-05-10T03:10:23.996Z] [INFO] Incoming Request: POST /api/register
[2026-05-10T03:10:24.225Z] [INFO] Incoming Request: POST /api/register
[2026-05-10T03:10:25.294Z] [INFO] Incoming Request: POST /api/register
[2026-05-10T03:10:25.436Z] [INFO] Incoming Request: POST /api/register
[2026-05-10T03:10:25.563Z] [INFO] Incoming Request: POST /api/register
[2026-05-10T03:10:25.680Z] [INFO] Incoming Request: POST /api/register
[2026-05-10T03:13:46.297Z] [SUCCESS] SECURE LINK ESTABLISHED: Connected to FanVault Database!
[2026-05-10T03:13:46.304Z] [SYSTEM] FanVault API is actively listening on port 3000
[2026-05-10T03:14:15.142Z] [INFO] Incoming Request: POST /api/register
[2026-05-10T03:14:15.230Z] [SUCCESS] User registered with MFA: test13
[2026-05-10T03:14:20.070Z] [INFO] Incoming Request: POST /api/register
[2026-05-10T03:14:20.074Z] [WARNING] Registration failed: Username "test13" already exists.
[2026-05-10T03:14:45.475Z] [INFO] Incoming Request: POST /api/login
[2026-05-10T03:14:46.718Z] [INFO] Incoming Request: POST /api/login
[2026-05-10T03:14:56.869Z] [INFO] Incoming Request: POST /api/login
[2026-05-10T03:14:56.904Z] [SUCCESS] MFA Login: test13
[2026-05-10T03:14:56.936Z] [INFO] Incoming Request: GET /api/merch
[2026-05-10T03:15:05.121Z] [INFO] Incoming Request: GET /api/tour?q=taylor
[2026-05-10T03:15:05.178Z] [INFO] Incoming Request: GET /api/search?q=taylor
[2026-05-10T03:15:09.119Z] [INFO] Incoming Request: GET /api/tour?q=the%20kid%20laroi
[2026-05-10T03:15:09.121Z] [INFO] Incoming Request: GET /api/search?q=the%20kid%20laroi
[2026-05-10T03:15:10.328Z] [INFO] Incoming Request: GET /api/tour?q=the%20kid%20laroi
[2026-05-10T03:15:10.329Z] [INFO] Incoming Request: GET /api/search?q=the%20kid%20laroi
[2026-05-10T03:15:16.905Z] [INFO] Incoming Request: GET /api/tour?q=the%20kid%20laroi
[2026-05-10T03:15:16.908Z] [INFO] Incoming Request: GET /api/search?q=the%20kid%20laroi
[2026-05-10T03:15:17.737Z] [INFO] Incoming Request: GET /api/tour?q=the%20kid%20laroi
[2026-05-10T03:15:17.738Z] [INFO] Incoming Request: GET /api/search?q=the%20kid%20laroi
[2026-05-10T03:15:17.844Z] [INFO] Incoming Request: GET /api/tour?q=the%20kid%20laroi
[2026-05-10T03:15:17.846Z] [INFO] Incoming Request: GET /api/search?q=the%20kid%20laroi
[2026-05-10T03:15:17.956Z] [INFO] Incoming Request: GET /api/tour?q=the%20kid%20laroi
[2026-05-10T03:15:17.958Z] [INFO] Incoming Request: GET /api/search?q=the%20kid%20laroi
[2026-05-10T16:54:45.260Z] [SUCCESS] SECURE LINK ESTABLISHED: Connected to FanVault Database!
[2026-05-10T16:54:45.271Z] [SYSTEM] FanVault API is actively listening on port 3000
[2026-05-10T16:55:04.127Z] [INFO] Incoming Request: GET /api/merch
[2026-05-10T16:55:04.698Z] [INFO] Incoming Request: GET /api/merch
[2026-05-10T16:55:11.186Z] [INFO] Incoming Request: GET /api/search?q=the%20kid%20laroi
[2026-05-10T16:55:11.190Z] [INFO] Incoming Request: GET /api/tour?q=the%20kid%20laroi
[2026-05-10T16:55:28.819Z] [INFO] Incoming Request: GET /api/search?q=baby%20keem
[2026-05-10T16:55:28.821Z] [INFO] Incoming Request: GET /api/tour?q=baby%20keem
[2026-05-10T16:55:33.886Z] [INFO] Incoming Request: GET /api/search?q=baby%20keem
[2026-05-10T16:55:33.889Z] [INFO] Incoming Request: GET /api/tour?q=baby%20keem
[2026-05-10T16:55:39.430Z] [INFO] Incoming Request: GET /api/tour?q=the%20kid%20laroi
[2026-05-10T16:55:39.433Z] [INFO] Incoming Request: GET /api/search?q=the%20kid%20laroi
[2026-05-10T16:55:43.706Z] [INFO] Incoming Request: GET /api/tour?q=the%20kid%20laroi
[2026-05-10T16:55:43.711Z] [INFO] Incoming Request: GET /api/search?q=the%20kid%20laroi
[2026-05-10T16:56:22.454Z] [INFO] Incoming Request: GET /api/search?q=the%20kid%20laroi
[2026-05-10T16:56:22.456Z] [INFO] Incoming Request: GET /api/tour?q=the%20kid%20laroi
[2026-05-10T16:56:39.399Z] [INFO] Incoming Request: POST /api/login
[2026-05-10T16:56:42.909Z] [INFO] Incoming Request: POST /api/login
[2026-05-10T16:56:44.133Z] [INFO] Incoming Request: POST /api/login
[2026-05-10T16:56:44.853Z] [INFO] Incoming Request: POST /api/login
[2026-05-10T16:57:11.485Z] [INFO] Incoming Request: POST /api/login
[2026-05-10T16:57:15.902Z] [INFO] Incoming Request: POST /api/login
[2026-05-10T16:57:31.441Z] [INFO] Incoming Request: POST /api/login
[2026-05-10T16:57:31.476Z] [WARNING] Invalid MFA: test13
[2026-05-10T16:57:35.608Z] [INFO] Incoming Request: POST /api/login
[2026-05-10T16:57:35.643Z] [WARNING] Invalid MFA: test13
[2026-05-10T16:57:44.827Z] [INFO] Incoming Request: POST /api/login
[2026-05-10T16:57:44.862Z] [WARNING] Invalid MFA: test13
[2026-05-10T16:57:45.583Z] [INFO] Incoming Request: POST /api/login
[2026-05-10T16:57:45.620Z] [WARNING] Invalid MFA: test13
[2026-05-10T16:58:02.844Z] [INFO] Incoming Request: POST /api/login
[2026-05-10T16:58:02.877Z] [WARNING] Invalid MFA: test13
[2026-05-10T16:58:04.154Z] [INFO] Incoming Request: POST /api/login
[2026-05-10T16:58:04.190Z] [WARNING] Invalid MFA: test13
[2026-05-10T16:58:24.793Z] [INFO] Incoming Request: POST /api/login
[2026-05-10T16:58:26.300Z] [INFO] Incoming Request: POST /api/login
[2026-05-10T16:59:29.572Z] [INFO] Incoming Request: POST /api/register
[2026-05-10T16:59:29.652Z] [SUCCESS] User registered with MFA: jeremyadmin
[2026-05-10T16:59:55.064Z] [INFO] Incoming Request: POST /api/login
[2026-05-10T17:00:01.829Z] [INFO] Incoming Request: POST /api/login
[2026-05-10T17:00:01.863Z] [WARNING] Invalid MFA: jeremyadmin
[2026-05-10T17:00:03.150Z] [INFO] Incoming Request: POST /api/login
[2026-05-10T17:00:03.184Z] [WARNING] Invalid MFA: jeremyadmin
[2026-05-10T17:00:03.934Z] [INFO] Incoming Request: POST /api/login
[2026-05-10T17:00:03.969Z] [WARNING] Invalid MFA: jeremyadmin
[2026-05-10T17:00:04.467Z] [INFO] Incoming Request: POST /api/login
[2026-05-10T17:00:04.501Z] [WARNING] Invalid MFA: jeremyadmin
[2026-05-10T17:00:04.925Z] [INFO] Incoming Request: POST /api/login
[2026-05-10T17:00:04.959Z] [WARNING] Invalid MFA: jeremyadmin
[2026-05-10T17:00:05.217Z] [INFO] Incoming Request: POST /api/login
[2026-05-10T17:00:05.252Z] [WARNING] Invalid MFA: jeremyadmin
[2026-05-10T17:00:05.357Z] [INFO] Incoming Request: POST /api/login
[2026-05-10T17:00:05.390Z] [WARNING] Invalid MFA: jeremyadmin
[2026-05-10T17:00:05.687Z] [INFO] Incoming Request: POST /api/login
[2026-05-10T17:00:05.720Z] [WARNING] Invalid MFA: jeremyadmin
[2026-05-10T17:00:06.236Z] [INFO] Incoming Request: POST /api/login
[2026-05-10T17:00:06.273Z] [WARNING] Invalid MFA: jeremyadmin
[2026-05-10T17:00:06.418Z] [INFO] Incoming Request: POST /api/login
[2026-05-10T17:00:06.453Z] [WARNING] Invalid MFA: jeremyadmin
[2026-05-10T17:00:06.852Z] [INFO] Incoming Request: POST /api/login
[2026-05-10T17:00:06.886Z] [WARNING] Invalid MFA: jeremyadmin
[2026-05-10T17:00:06.962Z] [INFO] Incoming Request: POST /api/login
[2026-05-10T17:00:06.995Z] [WARNING] Invalid MFA: jeremyadmin
[2026-05-10T17:00:07.072Z] [INFO] Incoming Request: POST /api/login
[2026-05-10T17:00:07.108Z] [WARNING] Invalid MFA: jeremyadmin
[2026-05-10T17:00:07.199Z] [INFO] Incoming Request: POST /api/login
[2026-05-10T17:00:07.232Z] [WARNING] Invalid MFA: jeremyadmin
[2026-05-10T17:01:36.920Z] [SUCCESS] SECURE LINK ESTABLISHED: Connected to FanVault Database!
[2026-05-10T17:01:36.926Z] [SYSTEM] FanVault API is actively listening on port 3000
[2026-05-10T17:02:17.065Z] [INFO] Incoming Request: POST /api/login
[2026-05-10T17:02:17.293Z] [INFO] Incoming Request: POST /api/login
[2026-05-10T17:02:17.339Z] [INFO] Incoming Request: POST /api/login
[2026-05-10T17:02:17.523Z] [INFO] Incoming Request: POST /api/login
[2026-05-10T17:02:24.784Z] [INFO] Incoming Request: POST /api/login
[2026-05-10T17:02:24.826Z] [SUCCESS] MFA Login: test13
[2026-05-10T17:02:24.862Z] [INFO] Incoming Request: GET /api/merch
[2026-05-10T17:02:33.883Z] [INFO] Incoming Request: POST /api/login
[2026-05-10T17:02:40.714Z] [INFO] Incoming Request: POST /api/login
[2026-05-10T17:02:40.751Z] [SUCCESS] MFA Login: test13
[2026-05-10T17:02:40.778Z] [INFO] Incoming Request: GET /api/merch
[2026-05-10T17:02:46.032Z] [INFO] Incoming Request: GET /api/search?q=baby%20keem
[2026-05-10T17:02:46.037Z] [INFO] Incoming Request: GET /api/tour?q=baby%20keem
[2026-05-10T17:02:48.782Z] [INFO] Incoming Request: GET /api/search?q=baby%20keem
[2026-05-10T17:02:56.105Z] [INFO] Incoming Request: GET /api/tour?q=baby%20keem
[2026-05-10T17:03:53.368Z] [SUCCESS] SECURE LINK ESTABLISHED: Connected to FanVault Database!
[2026-05-10T17:03:53.380Z] [SYSTEM] FanVault API is actively listening on port 3000
[2026-05-10T17:03:59.096Z] [INFO] Incoming Request: GET /api/merch
[2026-05-10T17:04:02.713Z] [INFO] Incoming Request: GET /api/search?q=baby%20keem
[2026-05-10T17:04:02.718Z] [INFO] Incoming Request: GET /api/tour?q=baby%20keem
[2026-05-10T17:04:19.624Z] [INFO] Incoming Request: GET /api/search?q=the%20kid%20laroi
[2026-05-10T17:04:19.628Z] [INFO] Incoming Request: GET /api/tour?q=the%20kid%20laroi
[2026-05-10T17:04:28.378Z] [INFO] Incoming Request: GET /api/tour?q=the%20kid%20laroi
[2026-05-10T17:04:28.381Z] [INFO] Incoming Request: GET /api/search?q=the%20kid%20laroi
[2026-05-10T18:45:21.257Z] [INFO] Incoming Request: GET /api/merch
[2026-05-10T18:45:44.930Z] [INFO] Incoming Request: GET /api/merch
[2026-05-10T18:45:51.566Z] [INFO] Incoming Request: GET /api/tour?q=the%20kid%20laroi
[2026-05-10T18:45:51.570Z] [INFO] Incoming Request: GET /api/search?q=the%20kid%20laroi
[2026-05-10T18:45:55.499Z] [INFO] Incoming Request: GET /api/tour?q=baby%20keem
[2026-05-10T18:45:55.502Z] [INFO] Incoming Request: GET /api/search?q=baby%20keem
[2026-05-10T18:49:53.646Z] [INFO] Incoming Request: GET /api/merch
[2026-05-10T18:49:58.172Z] [INFO] Incoming Request: GET /api/search?q=the%20kid%20laroi
[2026-05-10T18:49:58.176Z] [INFO] Incoming Request: GET /api/tour?q=the%20kid%20laroi
[2026-05-10T18:50:17.485Z] [INFO] Incoming Request: POST /api/login
[2026-05-10T18:50:32.946Z] [INFO] Incoming Request: POST /api/login
[2026-05-10T18:50:32.988Z] [SUCCESS] MFA Login: test13
[2026-05-10T18:50:33.024Z] [INFO] Incoming Request: GET /api/merch
[2026-05-10T18:59:11.185Z] [SUCCESS] SECURE LINK ESTABLISHED: Connected to FanVault Database!
[2026-05-10T18:59:11.194Z] [SYSTEM] FanVault API is actively listening on port 3000
[2026-05-10T18:59:15.413Z] [INFO] Incoming Request: GET /api/merch
[2026-05-10T18:59:21.664Z] [INFO] Incoming Request: GET /api/tour?q=the%20kid%20laroi
[2026-05-10T18:59:21.726Z] [INFO] Incoming Request: GET /api/search?q=the%20kid%20laroi
[2026-05-10T18:59:26.287Z] [INFO] Incoming Request: GET /api/tour?q=baby
[2026-05-10T18:59:26.289Z] [INFO] Incoming Request: GET /api/search?q=baby
[2026-05-10T18:59:29.738Z] [INFO] Incoming Request: GET /api/tour?q=baby%20keem
[2026-05-10T18:59:29.739Z] [INFO] Incoming Request: GET /api/search?q=baby%20keem
[2026-05-10T19:00:11.182Z] [INFO] Incoming Request: GET /api/tour?q=%3Cscript%3Ealert(%22hacked%22)%3C/script%3E
[2026-05-10T19:00:11.185Z] [INFO] Incoming Request: GET /api/search?q=%3Cscript%3Ealert(%22hacked%22)%3C/script%3E
[2026-05-10T19:03:03.305Z] [SUCCESS] SECURE LINK ESTABLISHED: Connected to FanVault Database!
[2026-05-10T19:03:03.310Z] [SYSTEM] FanVault API is actively listening on port 3000
[2026-05-10T19:03:12.242Z] [INFO] Incoming Request: GET /api/tour?q=%3Cscript%3Ealert(%22hacked%22)%3C/script%3E
[2026-05-10T19:03:12.243Z] [SECURITY ALERT] Malicious proxy request blocked! Input: <script>alert("hacked")</script>
[2026-05-10T19:03:12.250Z] [INFO] Incoming Request: GET /api/search?q=%3Cscript%3Ealert(%22hacked%22)%3C/script%3E
[2026-05-10T19:03:12.252Z] [SECURITY ALERT] Malicious search blocked! IP: ::ffff:192.168.10.10 | Input: <script>alert("hacked")</script>
[2026-05-10T20:10:19.608Z] [INFO] Incoming Request: GET /api/search?q=BABY%20KEEM
[2026-05-10T20:10:19.614Z] [INFO] Incoming Request: GET /api/tour?q=BABY%20KEEM
[2026-05-10T20:17:02.313Z] [INFO] Incoming Request: GET /api/merch
[2026-05-10T20:17:05.452Z] [INFO] Incoming Request: GET /api/search?q=taylor
[2026-05-10T20:17:05.454Z] [INFO] Incoming Request: GET /api/tour?q=taylor
[2026-05-10T20:17:16.989Z] [INFO] Incoming Request: GET /api/tour?q=baby%20keem
[2026-05-10T20:17:16.992Z] [INFO] Incoming Request: GET /api/search?q=baby%20keem
[2026-05-10T20:26:33.819Z] [SUCCESS] SECURE LINK ESTABLISHED: Connected to FanVault Database!
[2026-05-10T20:26:33.830Z] [SYSTEM] FanVault API is actively listening on port 3000
[2026-05-10T20:26:38.038Z] [INFO] Incoming Request: GET /api/merch
[2026-05-10T20:26:41.548Z] [INFO] Incoming Request: GET /api/search?q=baby%20keem
[2026-05-10T20:26:41.553Z] [INFO] Incoming Request: GET /api/tour?q=baby%20keem
[2026-05-10T20:26:48.950Z] [INFO] Incoming Request: GET /api/tour?q=taylor
[2026-05-10T20:26:48.955Z] [INFO] Incoming Request: GET /api/search?q=taylor
